------------------------------------------------------------
TimeQuest Timing Analyzer Summary
------------------------------------------------------------

Type  : Slow 1200mV 85C Model Setup 'clk_reduce:reduce1|VGA_clk'
Slack : -5.430
TNS   : -455.280

Type  : Slow 1200mV 85C Model Setup 'master_clk'
Slack : -2.688
TNS   : -100.868

Type  : Slow 1200mV 85C Model Hold 'master_clk'
Slack : 0.386
TNS   : 0.000

Type  : Slow 1200mV 85C Model Hold 'clk_reduce:reduce1|VGA_clk'
Slack : 0.403
TNS   : 0.000

Type  : Slow 1200mV 85C Model Minimum Pulse Width 'master_clk'
Slack : -3.000
TNS   : -83.955

Type  : Slow 1200mV 85C Model Minimum Pulse Width 'clk_reduce:reduce1|VGA_clk'
Slack : -1.285
TNS   : -132.355

Type  : Slow 1200mV 0C Model Setup 'clk_reduce:reduce1|VGA_clk'
Slack : -4.902
TNS   : -407.385

Type  : Slow 1200mV 0C Model Setup 'master_clk'
Slack : -2.363
TNS   : -86.143

Type  : Slow 1200mV 0C Model Hold 'master_clk'
Slack : 0.338
TNS   : 0.000

Type  : Slow 1200mV 0C Model Hold 'clk_reduce:reduce1|VGA_clk'
Slack : 0.355
TNS   : 0.000

Type  : Slow 1200mV 0C Model Minimum Pulse Width 'master_clk'
Slack : -3.000
TNS   : -83.955

Type  : Slow 1200mV 0C Model Minimum Pulse Width 'clk_reduce:reduce1|VGA_clk'
Slack : -1.285
TNS   : -132.355

Type  : Fast 1200mV 0C Model Setup 'clk_reduce:reduce1|VGA_clk'
Slack : -2.221
TNS   : -172.480

Type  : Fast 1200mV 0C Model Setup 'master_clk'
Slack : -0.827
TNS   : -21.007

Type  : Fast 1200mV 0C Model Hold 'master_clk'
Slack : 0.174
TNS   : 0.000

Type  : Fast 1200mV 0C Model Hold 'clk_reduce:reduce1|VGA_clk'
Slack : 0.181
TNS   : 0.000

Type  : Fast 1200mV 0C Model Minimum Pulse Width 'master_clk'
Slack : -3.000
TNS   : -69.945

Type  : Fast 1200mV 0C Model Minimum Pulse Width 'clk_reduce:reduce1|VGA_clk'
Slack : -1.000
TNS   : -103.000

------------------------------------------------------------
